2025-10-14 09:21:22 [INFO]: 📁 Directorio de documentos inicializado: C:\Users\jesus\OneDrive\Escritorio\UNIONTECH\uploads\documentos-invitaciones
2025-10-14 09:21:22 [INFO]: 📁 Directorio de documentos inicializado: C:\Users\jesus\OneDrive\Escritorio\UNIONTECH\uploads\documentos-invitaciones
2025-10-14 09:21:22 [INFO]: 📁 Directorio de documentos inicializado: C:\Users\jesus\OneDrive\Escritorio\UNIONTECH\uploads\documentos-invitaciones
2025-10-14 09:22:04 [INFO]: 📁 Directorio de documentos inicializado: C:\Users\jesus\OneDrive\Escritorio\UNIONTECH\uploads\documentos-invitaciones
2025-10-14 09:23:07 [INFO]: 📁 Directorio de documentos inicializado: C:\Users\jesus\OneDrive\Escritorio\UNIONTECH\uploads\documentos-invitaciones
2025-10-14 09:24:07 [ERROR]: ❌ ERROR: Error Handler [object Object]
2025-10-14 09:24:08 [ERROR]: ❌ ERROR: Error Handler [object Object]
2025-10-14 09:24:08 [ERROR]: ❌ ERROR: Error Handler [object Object]
2025-10-14 09:24:08 [ERROR]: ❌ ERROR: Error Handler [object Object]
2025-10-14 09:24:08 [ERROR]: ❌ ERROR: Error Handler [object Object]
2025-10-14 09:24:08 [ERROR]: ❌ ERROR: Error Handler [object Object]
2025-10-14 09:24:08 [ERROR]: ❌ ERROR: Error Handler [object Object]
2025-10-14 09:24:08 [ERROR]: ❌ ERROR: Error Handler [object Object]
2025-10-14 09:24:08 [ERROR]: ❌ ERROR: Error Handler [object Object]
2025-10-14 09:24:08 [ERROR]: ❌ ERROR: Error Handler [object Object]
2025-10-14 09:24:08 [ERROR]: ❌ ERROR: Error Handler [object Object]
2025-10-14 09:24:09 [ERROR]: ❌ ERROR: Error Handler [object Object]
2025-10-14 09:24:09 [ERROR]: ❌ ERROR: Error Handler [object Object]
2025-10-14 09:24:12 [ERROR]: 🔴 ALERTA CRÍTICA INMEDIATA: [object Object]
2025-10-14 09:24:12 [ERROR]: 🚨 EVENTO CRÍTICO: [object Object]
2025-10-14 09:24:13 [ERROR]: 🔴 ALERTA CRÍTICA INMEDIATA: [object Object]
2025-10-14 09:24:13 [ERROR]: 🚨 EVENTO CRÍTICO: [object Object]
2025-10-14 09:24:13 [INFO]: 📁 Directorio de documentos inicializado: C:\Users\jesus\OneDrive\Escritorio\UNIONTECH\uploads\documentos-invitaciones
2025-10-14 09:24:13 [ERROR]: 🔴 ALERTA CRÍTICA INMEDIATA: [object Object]
2025-10-14 09:24:13 [ERROR]: 🚨 EVENTO CRÍTICO: [object Object]
2025-10-14 09:24:13 [ERROR]: 🔴 ALERTA CRÍTICA INMEDIATA: [object Object]
2025-10-14 09:24:13 [ERROR]: 🚨 EVENTO CRÍTICO: [object Object]
2025-10-14 09:25:13 [ERROR]: ❌ ERROR: Error Handler [object Object]
2025-10-14 09:25:13 [ERROR]: ❌ ERROR: Error Handler [object Object]
2025-10-14 09:25:14 [ERROR]: ❌ ERROR: Error Handler [object Object]
2025-10-14 09:25:15 [ERROR]: ❌ ERROR: Error Handler [object Object]
2025-10-14 09:25:16 [ERROR]: 🔴 ALERTA CRÍTICA INMEDIATA: [object Object]
2025-10-14 09:25:16 [ERROR]: 🚨 EVENTO CRÍTICO: [object Object]
2025-10-14 09:25:16 [ERROR]: 🔴 ALERTA CRÍTICA INMEDIATA: [object Object]
2025-10-14 09:25:16 [ERROR]: 🚨 EVENTO CRÍTICO: [object Object]
2025-10-14 09:25:16 [ERROR]: ❌ ERROR: Error Handler [object Object]
2025-10-14 09:25:17 [ERROR]: ❌ ERROR: Error Handler [object Object]
2025-10-14 09:25:17 [ERROR]: 🔴 ALERTA CRÍTICA INMEDIATA: [object Object]
2025-10-14 09:25:17 [ERROR]: 🚨 EVENTO CRÍTICO: [object Object]
2025-10-14 09:25:17 [ERROR]: 🔴 ALERTA CRÍTICA INMEDIATA: [object Object]
2025-10-14 09:25:17 [ERROR]: 🚨 EVENTO CRÍTICO: [object Object]
2025-10-14 09:26:20 [INFO]: 📁 Directorio de documentos inicializado: C:\Users\jesus\OneDrive\Escritorio\UNIONTECH\uploads\documentos-invitaciones
2025-10-14 09:27:24 [INFO]: 📁 Directorio de documentos inicializado: C:\Users\jesus\OneDrive\Escritorio\UNIONTECH\uploads\documentos-invitaciones
2025-10-14 09:28:24 [ERROR]: ❌ ERROR: Error Handler [object Object]
2025-10-14 09:28:24 [ERROR]: ❌ ERROR: Error Handler [object Object]
2025-10-14 09:28:24 [ERROR]: ❌ ERROR: Error Handler [object Object]
2025-10-14 09:28:24 [ERROR]: ❌ ERROR: Error Handler [object Object]
2025-10-14 09:28:25 [ERROR]: ❌ ERROR: Error Handler [object Object]
2025-10-14 09:28:25 [ERROR]: 🔴 ALERTA CRÍTICA INMEDIATA: [object Object]
2025-10-14 09:28:25 [ERROR]: 🚨 EVENTO CRÍTICO: [object Object]
2025-10-14 09:28:25 [ERROR]: 🔴 ALERTA CRÍTICA INMEDIATA: [object Object]
2025-10-14 09:28:25 [ERROR]: 🚨 EVENTO CRÍTICO: [object Object]
2025-10-14 09:28:25 [ERROR]: ❌ ERROR: Error Handler [object Object]
2025-10-14 09:28:25 [ERROR]: 🔴 ALERTA CRÍTICA INMEDIATA: [object Object]
2025-10-14 09:28:25 [ERROR]: 🚨 EVENTO CRÍTICO: [object Object]
2025-10-14 09:28:25 [ERROR]: 🔴 ALERTA CRÍTICA INMEDIATA: [object Object]
2025-10-14 09:28:25 [ERROR]: 🚨 EVENTO CRÍTICO: [object Object]
2025-10-14 09:28:28 [INFO]: 📁 Directorio de documentos inicializado: C:\Users\jesus\OneDrive\Escritorio\UNIONTECH\uploads\documentos-invitaciones
2025-10-14 09:29:29 [ERROR]: ❌ ERROR: Error Handler [object Object]
2025-10-14 09:29:30 [ERROR]: ❌ ERROR: Error Handler [object Object]
2025-10-14 09:29:30 [ERROR]: ❌ ERROR: Error Handler [object Object]
2025-10-14 09:29:30 [ERROR]: ❌ ERROR: Error Handler [object Object]
2025-10-14 09:29:30 [ERROR]: ❌ ERROR: Error Handler [object Object]
2025-10-14 09:29:30 [ERROR]: ❌ ERROR: Error Handler [object Object]
2025-10-14 09:29:30 [ERROR]: ❌ ERROR: Error Handler [object Object]
2025-10-14 09:29:30 [ERROR]: ❌ ERROR: Error Handler [object Object]
2025-10-14 09:29:30 [ERROR]: ❌ ERROR: Error Handler [object Object]
2025-10-14 09:29:31 [ERROR]: ❌ ERROR: Error Handler [object Object]
2025-10-14 09:29:31 [ERROR]: ❌ ERROR: Error Handler [object Object]
2025-10-14 09:29:32 [ERROR]: ❌ ERROR: Error Handler [object Object]
2025-10-14 09:29:32 [ERROR]: ❌ ERROR: Error Handler [object Object]
2025-10-14 09:29:33 [ERROR]: 🔴 ALERTA CRÍTICA INMEDIATA: [object Object]
2025-10-14 09:29:33 [ERROR]: 🚨 EVENTO CRÍTICO: [object Object]
2025-10-14 09:29:34 [ERROR]: 🔴 ALERTA CRÍTICA INMEDIATA: [object Object]
2025-10-14 09:29:34 [ERROR]: 🚨 EVENTO CRÍTICO: [object Object]
2025-10-14 09:30:37 [INFO]: 📁 Directorio de documentos inicializado: C:\Users\jesus\OneDrive\Escritorio\UNIONTECH\uploads\documentos-invitaciones
2025-10-14 09:31:44 [INFO]: 📁 Directorio de documentos inicializado: C:\Users\jesus\OneDrive\Escritorio\UNIONTECH\uploads\documentos-invitaciones
2025-10-14 09:32:43 [ERROR]: ❌ ERROR: Error Handler [object Object]
2025-10-14 09:32:44 [ERROR]: ❌ ERROR: Error Handler [object Object]
2025-10-14 09:32:44 [ERROR]: ❌ ERROR: Error Handler [object Object]
2025-10-14 09:32:44 [ERROR]: ❌ ERROR: Error Handler [object Object]
2025-10-14 09:32:44 [ERROR]: ❌ ERROR: Error Handler [object Object]
2025-10-14 09:32:44 [ERROR]: ❌ ERROR: Error Handler [object Object]
2025-10-14 09:32:44 [ERROR]: ❌ ERROR: Error Handler [object Object]
2025-10-14 09:32:44 [ERROR]: ❌ ERROR: Error Handler [object Object]
2025-10-14 09:32:44 [ERROR]: ❌ ERROR: Error Handler [object Object]
2025-10-14 09:32:44 [ERROR]: ❌ ERROR: Error Handler [object Object]
2025-10-14 09:32:45 [ERROR]: ❌ ERROR: Error Handler [object Object]
2025-10-14 09:32:45 [ERROR]: ❌ ERROR: Error Handler [object Object]
2025-10-14 09:32:45 [ERROR]: ❌ ERROR: Error Handler [object Object]
2025-10-14 09:32:49 [ERROR]: 🔴 ALERTA CRÍTICA INMEDIATA: [object Object]
2025-10-14 09:32:49 [ERROR]: 🚨 EVENTO CRÍTICO: [object Object]
2025-10-14 09:32:49 [ERROR]: 🔴 ALERTA CRÍTICA INMEDIATA: [object Object]
2025-10-14 09:32:49 [ERROR]: 🚨 EVENTO CRÍTICO: [object Object]
2025-10-14 09:32:49 [INFO]: 📁 Directorio de documentos inicializado: C:\Users\jesus\OneDrive\Escritorio\UNIONTECH\uploads\documentos-invitaciones
2025-10-14 09:32:49 [ERROR]: 🔴 ALERTA CRÍTICA INMEDIATA: [object Object]
2025-10-14 09:32:49 [ERROR]: 🚨 EVENTO CRÍTICO: [object Object]
2025-10-14 09:32:49 [ERROR]: 🔴 ALERTA CRÍTICA INMEDIATA: [object Object]
2025-10-14 09:32:49 [ERROR]: 🚨 EVENTO CRÍTICO: [object Object]
2025-10-14 09:33:49 [ERROR]: ❌ ERROR: Error Handler [object Object]
2025-10-14 09:33:50 [ERROR]: ❌ ERROR: Error Handler [object Object]
2025-10-14 09:33:51 [ERROR]: ❌ ERROR: Error Handler [object Object]
2025-10-14 09:33:52 [ERROR]: ❌ ERROR: Error Handler [object Object]
2025-10-14 09:33:53 [ERROR]: 🔴 ALERTA CRÍTICA INMEDIATA: [object Object]
2025-10-14 09:33:53 [ERROR]: 🚨 EVENTO CRÍTICO: [object Object]
2025-10-14 09:33:53 [ERROR]: 🔴 ALERTA CRÍTICA INMEDIATA: [object Object]
2025-10-14 09:33:53 [ERROR]: 🚨 EVENTO CRÍTICO: [object Object]
2025-10-14 09:33:53 [ERROR]: ❌ ERROR: Error Handler [object Object]
2025-10-14 09:33:54 [ERROR]: ❌ ERROR: Error Handler [object Object]
2025-10-14 09:33:54 [ERROR]: 🔴 ALERTA CRÍTICA INMEDIATA: [object Object]
2025-10-14 09:33:54 [ERROR]: 🚨 EVENTO CRÍTICO: [object Object]
2025-10-14 09:33:54 [ERROR]: 🔴 ALERTA CRÍTICA INMEDIATA: [object Object]
2025-10-14 09:33:54 [ERROR]: 🚨 EVENTO CRÍTICO: [object Object]
2025-10-14 09:40:02 [DEBUG]: 📝 INFO: 🔴 Redis Service iniciado en modo fallback (memoria) [object Object]
2025-10-14 09:40:03 [DEBUG]: 📝 INFO: ✅ Servicios de expiración de invitaciones inicializados [object Object]
2025-10-14 09:40:03 [INFO]: 📊 Sistema de métricas iniciado
2025-10-14 09:40:06 [WARN]: ⚠️  Email service no disponible, usando modo fallback
2025-10-14 09:40:07 [INFO]: ✅ Servicio de almacenamiento (local) configurado
2025-10-14 09:40:07 [WARN]: ⚠️  Push notifications no disponibles, usando modo fallback
2025-10-14 09:40:09 [DEBUG]: [dotenv@17.2.1] injecting env (0) from .env [2m-- tip: 🔐 encrypt with Dotenvx: https://dotenvx.com[0m
2025-10-14 09:40:10 [DEBUG]: ✅ Twilio configurado correctamente
2025-10-14 09:40:10 [DEBUG]: ⚠️ SendGrid no configurado - usar credenciales reales en .env
2025-10-14 09:40:10 [INFO]: 🚀 Iniciando UNIONTECH Backend Server v1.0.0
2025-10-14 09:40:10 [INFO]: ⚙️ Configurando Express...
2025-10-14 09:40:10 [INFO]: ✅ Express configurado
2025-10-14 09:40:10 [INFO]: 🛡️ Configurando seguridad...
2025-10-14 09:40:10 [INFO]: ✅ Seguridad configurada
2025-10-14 09:40:10 [INFO]: 📊 Configurando monitoreo...
2025-10-14 09:40:10 [INFO]: ✅ Monitoreo configurado
2025-10-14 09:40:10 [INFO]: 🛤️ Configurando rutas...
2025-10-14 09:40:10 [INFO]: ✅ Rutas configuradas
2025-10-14 09:40:10 [INFO]: 🔌 Configurando WebSocket...
2025-10-14 09:40:10 [DEBUG]: 📝 INFO: ⏱️ Actualizaciones periódicas del dashboard iniciadas [object Object]
2025-10-14 09:40:10 [DEBUG]: 📝 INFO: 🔄 Dashboard en tiempo real inicializado [object Object]
2025-10-14 09:40:10 [INFO]: ✅ WebSocket configurado
2025-10-14 09:40:10 [INFO]: 📚 Configurando documentación...
2025-10-14 09:40:10 [ERROR]: (node:19012) NOTE: The AWS SDK for JavaScript (v2) is in maintenance mode.
 SDK releases are limited to address critical bug fixes and security issues only.

Please migrate your code to use AWS SDK for JavaScript (v3).
For more information, check the blog post at https://a.co/cUPnyil
(Use `node --trace-warnings ...` to show where the warning was created)
2025-10-14 09:40:10 [INFO]: 📁 Directorio de documentos inicializado: C:\Users\jesus\OneDrive\Escritorio\UNIONTECH\uploads\documentos-invitaciones
2025-10-14 09:40:10 [INFO]: ✅ Documentación configurada en /api/docs
2025-10-14 09:40:10 [INFO]: 🔧 Configurando manejo de errores...
2025-10-14 09:40:10 [INFO]: ✅ Manejo de errores configurado
2025-10-14 09:40:10 [INFO]: 🔄 Inicializando servicios...
2025-10-14 09:40:10 [WARN]: ⚠️  SMS service no disponible, usando modo fallback
2025-10-14 09:40:10 [INFO]: ✅ Todos los servicios externos inicializados correctamente
2025-10-14 09:40:15 [ERROR]: ❌ Error inicializando servicios: Can't reach database server at `localhost:1433`

Please make sure your database server is running at `localhost:1433`. {"clientVersion":"6.14.0","errorCode":"P1001","name":"PrismaClientInitializationError"}
PrismaClientInitializationError: Can't reach database server at `localhost:1433`

Please make sure your database server is running at `localhost:1433`.
    at r (C:\Users\jesus\OneDrive\Escritorio\UNIONTECH\node_modules\@prisma\client\runtime\library.js:112:2770)
    at async UNIONTECHServer.initializeServices (C:\Users\jesus\OneDrive\Escritorio\UNIONTECH\src\server-complete.js:361:13)
    at async UNIONTECHServer.setupServer (C:\Users\jesus\OneDrive\Escritorio\UNIONTECH\src\server-complete.js:86:13)
    at async UNIONTECHServer.start (C:\Users\jesus\OneDrive\Escritorio\UNIONTECH\src\server-complete.js:416:13)
2025-10-14 09:42:03 [DEBUG]: 📝 INFO: 🔴 Redis Service iniciado en modo fallback (memoria) [object Object]
2025-10-14 09:42:04 [DEBUG]: 📝 INFO: ✅ Servicios de expiración de invitaciones inicializados [object Object]
2025-10-14 09:42:04 [INFO]: 📊 Sistema de métricas iniciado
2025-10-14 09:42:08 [WARN]: ⚠️  Email service no disponible, usando modo fallback
2025-10-14 09:42:08 [INFO]: ✅ Servicio de almacenamiento (local) configurado
2025-10-14 09:42:08 [WARN]: ⚠️  Push notifications no disponibles, usando modo fallback
2025-10-14 09:42:10 [DEBUG]: [dotenv@17.2.1] injecting env (0) from .env [2m-- tip: ⚙️  specify custom .env file path with { path: '/custom/path/.env' }[0m
2025-10-14 09:42:10 [DEBUG]: ✅ Twilio configurado correctamente
2025-10-14 09:42:10 [DEBUG]: ⚠️ SendGrid no configurado - usar credenciales reales en .env
2025-10-14 09:42:10 [INFO]: 🚀 Iniciando UNIONTECH Backend Server v1.0.0
2025-10-14 09:42:10 [INFO]: ⚙️ Configurando Express...
2025-10-14 09:42:10 [INFO]: ✅ Express configurado
2025-10-14 09:42:10 [INFO]: 🛡️ Configurando seguridad...
2025-10-14 09:42:10 [INFO]: ✅ Seguridad configurada
2025-10-14 09:42:10 [INFO]: 📊 Configurando monitoreo...
2025-10-14 09:42:10 [INFO]: ✅ Monitoreo configurado
2025-10-14 09:42:10 [INFO]: 🛤️ Configurando rutas...
2025-10-14 09:42:10 [INFO]: ✅ Rutas configuradas
2025-10-14 09:42:10 [INFO]: 🔌 Configurando WebSocket...
2025-10-14 09:42:11 [DEBUG]: 📝 INFO: ⏱️ Actualizaciones periódicas del dashboard iniciadas [object Object]
2025-10-14 09:42:11 [DEBUG]: 📝 INFO: 🔄 Dashboard en tiempo real inicializado [object Object]
2025-10-14 09:42:11 [INFO]: ✅ WebSocket configurado
2025-10-14 09:42:11 [INFO]: 📚 Configurando documentación...
2025-10-14 09:42:11 [ERROR]: (node:10540) NOTE: The AWS SDK for JavaScript (v2) is in maintenance mode.
 SDK releases are limited to address critical bug fixes and security issues only.

Please migrate your code to use AWS SDK for JavaScript (v3).
For more information, check the blog post at https://a.co/cUPnyil
(Use `node --trace-warnings ...` to show where the warning was created)
2025-10-14 09:42:11 [INFO]: 📁 Directorio de documentos inicializado: C:\Users\jesus\OneDrive\Escritorio\UNIONTECH\uploads\documentos-invitaciones
2025-10-14 09:42:11 [INFO]: ✅ Documentación configurada en /api/docs
2025-10-14 09:42:11 [INFO]: 🔧 Configurando manejo de errores...
2025-10-14 09:42:11 [INFO]: ✅ Manejo de errores configurado
2025-10-14 09:42:11 [INFO]: 🔄 Inicializando servicios...
2025-10-14 09:42:11 [WARN]: ⚠️  SMS service no disponible, usando modo fallback
2025-10-14 09:42:11 [INFO]: ✅ Todos los servicios externos inicializados correctamente
2025-10-14 09:42:15 [ERROR]: ❌ Error inicializando servicios: Can't reach database server at `localhost:1433`

Please make sure your database server is running at `localhost:1433`. {"clientVersion":"6.14.0","errorCode":"P1001","name":"PrismaClientInitializationError"}
PrismaClientInitializationError: Can't reach database server at `localhost:1433`

Please make sure your database server is running at `localhost:1433`.
    at r (C:\Users\jesus\OneDrive\Escritorio\UNIONTECH\node_modules\@prisma\client\runtime\library.js:112:2770)
    at async UNIONTECHServer.initializeServices (C:\Users\jesus\OneDrive\Escritorio\UNIONTECH\src\server-complete.js:361:13)
    at async UNIONTECHServer.setupServer (C:\Users\jesus\OneDrive\Escritorio\UNIONTECH\src\server-complete.js:86:13)
    at async UNIONTECHServer.start (C:\Users\jesus\OneDrive\Escritorio\UNIONTECH\src\server-complete.js:416:13)
2025-10-14 09:44:15 [DEBUG]: 📝 INFO: 🔴 Redis Service iniciado en modo fallback (memoria) [object Object]
2025-10-14 09:44:16 [DEBUG]: 📝 INFO: ✅ Servicios de expiración de invitaciones inicializados [object Object]
2025-10-14 09:44:16 [INFO]: 📊 Sistema de métricas iniciado
2025-10-14 09:44:19 [WARN]: ⚠️  Email service no disponible, usando modo fallback
2025-10-14 09:44:19 [INFO]: ✅ Servicio de almacenamiento (local) configurado
2025-10-14 09:44:19 [WARN]: ⚠️  Push notifications no disponibles, usando modo fallback
2025-10-14 09:44:21 [DEBUG]: [dotenv@17.2.1] injecting env (0) from .env [2m-- tip: 🔐 prevent building .env in docker: https://dotenvx.com/prebuild[0m
2025-10-14 09:44:21 [DEBUG]: ✅ Twilio configurado correctamente
2025-10-14 09:44:21 [DEBUG]: ⚠️ SendGrid no configurado - usar credenciales reales en .env
2025-10-14 09:44:21 [INFO]: 🚀 Iniciando UNIONTECH Backend Server v1.0.0
2025-10-14 09:44:21 [INFO]: ⚙️ Configurando Express...
2025-10-14 09:44:21 [INFO]: ✅ Express configurado
2025-10-14 09:44:21 [INFO]: 🛡️ Configurando seguridad...
2025-10-14 09:44:21 [INFO]: ✅ Seguridad configurada
2025-10-14 09:44:21 [INFO]: 📊 Configurando monitoreo...
2025-10-14 09:44:21 [INFO]: ✅ Monitoreo configurado
2025-10-14 09:44:21 [INFO]: 🛤️ Configurando rutas...
2025-10-14 09:44:21 [INFO]: ✅ Rutas configuradas
2025-10-14 09:44:21 [INFO]: 🔌 Configurando WebSocket...
2025-10-14 09:44:22 [DEBUG]: 📝 INFO: ⏱️ Actualizaciones periódicas del dashboard iniciadas [object Object]
2025-10-14 09:44:22 [DEBUG]: 📝 INFO: 🔄 Dashboard en tiempo real inicializado [object Object]
2025-10-14 09:44:22 [INFO]: ✅ WebSocket configurado
2025-10-14 09:44:22 [INFO]: 📚 Configurando documentación...
2025-10-14 09:44:22 [ERROR]: (node:4080) NOTE: The AWS SDK for JavaScript (v2) is in maintenance mode.
 SDK releases are limited to address critical bug fixes and security issues only.

Please migrate your code to use AWS SDK for JavaScript (v3).
For more information, check the blog post at https://a.co/cUPnyil
(Use `node --trace-warnings ...` to show where the warning was created)
2025-10-14 09:44:22 [INFO]: 📁 Directorio de documentos inicializado: C:\Users\jesus\OneDrive\Escritorio\UNIONTECH\uploads\documentos-invitaciones
2025-10-14 09:44:22 [INFO]: ✅ Documentación configurada en /api/docs
2025-10-14 09:44:22 [INFO]: 🔧 Configurando manejo de errores...
2025-10-14 09:44:22 [INFO]: ✅ Manejo de errores configurado
2025-10-14 09:44:22 [INFO]: 🔄 Inicializando servicios...
2025-10-14 09:44:47 [DEBUG]: 📝 INFO: 🔴 Redis Service iniciado en modo fallback (memoria) [object Object]
2025-10-14 09:44:48 [DEBUG]: 📝 INFO: ✅ Servicios de expiración de invitaciones inicializados [object Object]
2025-10-14 09:44:48 [INFO]: 📊 Sistema de métricas iniciado
2025-10-14 09:44:51 [WARN]: ⚠️  Email service no disponible, usando modo fallback
2025-10-14 09:44:51 [INFO]: ✅ Servicio de almacenamiento (local) configurado
2025-10-14 09:44:51 [WARN]: ⚠️  Push notifications no disponibles, usando modo fallback
2025-10-14 09:44:53 [DEBUG]: [dotenv@17.2.1] injecting env (0) from .env [2m-- tip: 🔐 prevent committing .env to code: https://dotenvx.com/precommit[0m
2025-10-14 09:44:53 [DEBUG]: ✅ Twilio configurado correctamente
2025-10-14 09:44:53 [DEBUG]: ⚠️ SendGrid no configurado - usar credenciales reales en .env
2025-10-14 09:44:53 [INFO]: 🚀 Iniciando UNIONTECH Backend Server v1.0.0
2025-10-14 09:44:53 [INFO]: ⚙️ Configurando Express...
2025-10-14 09:44:53 [INFO]: ✅ Express configurado
2025-10-14 09:44:53 [INFO]: 🛡️ Configurando seguridad...
2025-10-14 09:44:53 [INFO]: ✅ Seguridad configurada
2025-10-14 09:44:53 [INFO]: 📊 Configurando monitoreo...
2025-10-14 09:44:53 [INFO]: ✅ Monitoreo configurado
2025-10-14 09:44:53 [INFO]: 🛤️ Configurando rutas...
2025-10-14 09:44:53 [INFO]: ✅ Rutas configuradas
2025-10-14 09:44:53 [INFO]: 🔌 Configurando WebSocket...
2025-10-14 09:44:53 [DEBUG]: 📝 INFO: ⏱️ Actualizaciones periódicas del dashboard iniciadas [object Object]
2025-10-14 09:44:53 [DEBUG]: 📝 INFO: 🔄 Dashboard en tiempo real inicializado [object Object]
2025-10-14 09:44:53 [INFO]: ✅ WebSocket configurado
2025-10-14 09:44:53 [INFO]: 📚 Configurando documentación...
2025-10-14 09:44:53 [ERROR]: (node:16100) NOTE: The AWS SDK for JavaScript (v2) is in maintenance mode.
 SDK releases are limited to address critical bug fixes and security issues only.

Please migrate your code to use AWS SDK for JavaScript (v3).
For more information, check the blog post at https://a.co/cUPnyil
(Use `node --trace-warnings ...` to show where the warning was created)
2025-10-14 09:44:53 [INFO]: 📁 Directorio de documentos inicializado: C:\Users\jesus\OneDrive\Escritorio\UNIONTECH\uploads\documentos-invitaciones
2025-10-14 09:44:53 [INFO]: ✅ Documentación configurada en /api/docs
2025-10-14 09:44:53 [INFO]: 🔧 Configurando manejo de errores...
2025-10-14 09:44:53 [INFO]: ✅ Manejo de errores configurado
2025-10-14 09:44:53 [INFO]: 🔄 Inicializando servicios...
2025-10-14 09:46:49 [DEBUG]: 📝 INFO: 🔴 Redis Service iniciado en modo fallback (memoria) [object Object]
2025-10-14 09:46:49 [DEBUG]: 📝 INFO: ✅ Servicios de expiración de invitaciones inicializados [object Object]
2025-10-14 09:46:49 [INFO]: 📊 Sistema de métricas iniciado
2025-10-14 09:46:52 [WARN]: ⚠️  Email service no disponible, usando modo fallback
2025-10-14 09:46:53 [INFO]: ✅ Servicio de almacenamiento (local) configurado
2025-10-14 09:46:53 [WARN]: ⚠️  Push notifications no disponibles, usando modo fallback
2025-10-14 09:46:55 [DEBUG]: [dotenv@17.2.1] injecting env (0) from .env [2m-- tip: ⚙️  suppress all logs with { quiet: true }[0m
2025-10-14 09:46:55 [DEBUG]: ✅ Twilio configurado correctamente
2025-10-14 09:46:55 [DEBUG]: ⚠️ SendGrid no configurado - usar credenciales reales en .env
2025-10-14 09:46:55 [INFO]: 🚀 Iniciando UNIONTECH Backend Server v1.0.0
2025-10-14 09:46:55 [INFO]: ⚙️ Configurando Express...
2025-10-14 09:46:56 [INFO]: ✅ Express configurado
2025-10-14 09:46:56 [INFO]: 🛡️ Configurando seguridad...
2025-10-14 09:46:56 [INFO]: ✅ Seguridad configurada
2025-10-14 09:46:56 [INFO]: 📊 Configurando monitoreo...
2025-10-14 09:46:56 [INFO]: ✅ Monitoreo configurado
2025-10-14 09:46:56 [INFO]: 🛤️ Configurando rutas...
2025-10-14 09:46:56 [INFO]: ✅ Rutas configuradas
2025-10-14 09:46:56 [INFO]: 🔌 Configurando WebSocket...
2025-10-14 09:46:56 [DEBUG]: 📝 INFO: ⏱️ Actualizaciones periódicas del dashboard iniciadas [object Object]
2025-10-14 09:46:56 [DEBUG]: 📝 INFO: 🔄 Dashboard en tiempo real inicializado [object Object]
2025-10-14 09:46:56 [INFO]: ✅ WebSocket configurado
2025-10-14 09:46:56 [INFO]: 📚 Configurando documentación...
2025-10-14 09:46:56 [ERROR]: (node:18064) NOTE: The AWS SDK for JavaScript (v2) is in maintenance mode.
 SDK releases are limited to address critical bug fixes and security issues only.

Please migrate your code to use AWS SDK for JavaScript (v3).
For more information, check the blog post at https://a.co/cUPnyil
(Use `node --trace-warnings ...` to show where the warning was created)
2025-10-14 09:46:56 [INFO]: 📁 Directorio de documentos inicializado: C:\Users\jesus\OneDrive\Escritorio\UNIONTECH\uploads\documentos-invitaciones
2025-10-14 09:46:56 [INFO]: ✅ Documentación configurada en /api/docs
2025-10-14 09:46:56 [INFO]: 🔧 Configurando manejo de errores...
2025-10-14 09:46:56 [INFO]: ✅ Manejo de errores configurado
2025-10-14 09:46:56 [INFO]: 🔄 Inicializando servicios...
2025-10-14 09:49:02 [DEBUG]: 📝 INFO: 🔴 Redis Service iniciado en modo fallback (memoria) [object Object]
2025-10-14 09:49:03 [DEBUG]: 📝 INFO: ✅ Servicios de expiración de invitaciones inicializados [object Object]
2025-10-14 09:49:03 [INFO]: 📊 Sistema de métricas iniciado
2025-10-14 09:49:06 [WARN]: ⚠️  Email service no disponible, usando modo fallback
2025-10-14 09:49:06 [INFO]: ✅ Servicio de almacenamiento (local) configurado
2025-10-14 09:49:06 [WARN]: ⚠️  Push notifications no disponibles, usando modo fallback
2025-10-14 09:49:08 [DEBUG]: [dotenv@17.2.1] injecting env (0) from .env [2m-- tip: ⚙️  suppress all logs with { quiet: true }[0m
2025-10-14 09:49:08 [DEBUG]: ✅ Twilio configurado correctamente
2025-10-14 09:49:08 [DEBUG]: ⚠️ SendGrid no configurado - usar credenciales reales en .env
2025-10-14 09:49:08 [INFO]: 🚀 Iniciando UNIONTECH Backend Server v1.0.0
2025-10-14 09:49:08 [INFO]: ⚙️ Configurando Express...
2025-10-14 09:49:08 [INFO]: ✅ Express configurado
2025-10-14 09:49:08 [INFO]: 🛡️ Configurando seguridad...
2025-10-14 09:49:08 [INFO]: ✅ Seguridad configurada
2025-10-14 09:49:08 [INFO]: 📊 Configurando monitoreo...
2025-10-14 09:49:08 [INFO]: ✅ Monitoreo configurado
2025-10-14 09:49:08 [INFO]: 🛤️ Configurando rutas...
2025-10-14 09:49:08 [INFO]: ✅ Rutas configuradas
2025-10-14 09:49:08 [INFO]: 🔌 Configurando WebSocket...
2025-10-14 09:49:08 [DEBUG]: 📝 INFO: ⏱️ Actualizaciones periódicas del dashboard iniciadas [object Object]
2025-10-14 09:49:08 [DEBUG]: 📝 INFO: 🔄 Dashboard en tiempo real inicializado [object Object]
2025-10-14 09:49:08 [INFO]: ✅ WebSocket configurado
2025-10-14 09:49:08 [INFO]: 📚 Configurando documentación...
2025-10-14 09:49:09 [ERROR]: (node:2672) NOTE: The AWS SDK for JavaScript (v2) is in maintenance mode.
 SDK releases are limited to address critical bug fixes and security issues only.

Please migrate your code to use AWS SDK for JavaScript (v3).
For more information, check the blog post at https://a.co/cUPnyil
(Use `node --trace-warnings ...` to show where the warning was created)
2025-10-14 09:49:09 [INFO]: 📁 Directorio de documentos inicializado: C:\Users\jesus\OneDrive\Escritorio\UNIONTECH\uploads\documentos-invitaciones
2025-10-14 09:49:09 [INFO]: ✅ Documentación configurada en /api/docs
2025-10-14 09:49:09 [INFO]: 🔧 Configurando manejo de errores...
2025-10-14 09:49:09 [INFO]: ✅ Manejo de errores configurado
2025-10-14 09:49:09 [INFO]: 🔄 Inicializando servicios...
2025-10-14 09:49:09 [WARN]: ⚠️  SMS service no disponible, usando modo fallback
2025-10-14 09:49:09 [INFO]: ✅ Todos los servicios externos inicializados correctamente
2025-10-14 09:49:13 [ERROR]: ❌ Error inicializando servicios: Can't reach database server at `localhost:1433`

Please make sure your database server is running at `localhost:1433`. {"clientVersion":"6.14.0","errorCode":"P1001","name":"PrismaClientInitializationError"}
PrismaClientInitializationError: Can't reach database server at `localhost:1433`

Please make sure your database server is running at `localhost:1433`.
    at r (C:\Users\jesus\OneDrive\Escritorio\UNIONTECH\node_modules\@prisma\client\runtime\library.js:112:2770)
    at async UNIONTECHServer.initializeServices (C:\Users\jesus\OneDrive\Escritorio\UNIONTECH\src\server-complete.js:361:13)
    at async UNIONTECHServer.setupServer (C:\Users\jesus\OneDrive\Escritorio\UNIONTECH\src\server-complete.js:86:13)
    at async UNIONTECHServer.start (C:\Users\jesus\OneDrive\Escritorio\UNIONTECH\src\server-complete.js:416:13)
2025-10-14 09:52:10 [DEBUG]: 📝 INFO: 🔴 Redis Service iniciado en modo fallback (memoria) [object Object]
2025-10-14 09:52:11 [DEBUG]: 📝 INFO: ✅ Servicios de expiración de invitaciones inicializados [object Object]
2025-10-14 09:52:11 [INFO]: 📊 Sistema de métricas iniciado
2025-10-14 09:52:14 [WARN]: ⚠️  Email service no disponible, usando modo fallback
2025-10-14 09:52:15 [INFO]: ✅ Servicio de almacenamiento (local) configurado
2025-10-14 09:52:15 [WARN]: ⚠️  Push notifications no disponibles, usando modo fallback
2025-10-14 09:52:17 [DEBUG]: [dotenv@17.2.1] injecting env (0) from .env [2m-- tip: 🛠️  run anywhere with `dotenvx run -- yourcommand`[0m
2025-10-14 09:52:17 [DEBUG]: ✅ Twilio configurado correctamente
2025-10-14 09:52:17 [DEBUG]: ⚠️ SendGrid no configurado - usar credenciales reales en .env
2025-10-14 09:52:17 [INFO]: 🚀 Iniciando UNIONTECH Backend Server v1.0.0
2025-10-14 09:52:17 [INFO]: ⚙️ Configurando Express...
2025-10-14 09:52:17 [INFO]: ✅ Express configurado
2025-10-14 09:52:17 [INFO]: 🛡️ Configurando seguridad...
2025-10-14 09:52:17 [INFO]: ✅ Seguridad configurada
2025-10-14 09:52:17 [INFO]: 📊 Configurando monitoreo...
2025-10-14 09:52:17 [INFO]: ✅ Monitoreo configurado
2025-10-14 09:52:17 [INFO]: 🛤️ Configurando rutas...
2025-10-14 09:52:17 [INFO]: ✅ Rutas configuradas
2025-10-14 09:52:17 [INFO]: 🔌 Configurando WebSocket...
2025-10-14 09:52:17 [DEBUG]: 📝 INFO: ⏱️ Actualizaciones periódicas del dashboard iniciadas [object Object]
2025-10-14 09:52:17 [DEBUG]: 📝 INFO: 🔄 Dashboard en tiempo real inicializado [object Object]
2025-10-14 09:52:17 [INFO]: ✅ WebSocket configurado
2025-10-14 09:52:17 [INFO]: 📚 Configurando documentación...
2025-10-14 09:52:18 [ERROR]: (node:16900) NOTE: The AWS SDK for JavaScript (v2) is in maintenance mode.
 SDK releases are limited to address critical bug fixes and security issues only.

Please migrate your code to use AWS SDK for JavaScript (v3).
For more information, check the blog post at https://a.co/cUPnyil
(Use `node --trace-warnings ...` to show where the warning was created)
2025-10-14 09:52:18 [INFO]: 📁 Directorio de documentos inicializado: C:\Users\jesus\OneDrive\Escritorio\UNIONTECH\uploads\documentos-invitaciones
2025-10-14 09:52:18 [INFO]: ✅ Documentación configurada en /api/docs
2025-10-14 09:52:18 [INFO]: 🔧 Configurando manejo de errores...
2025-10-14 09:52:18 [INFO]: ✅ Manejo de errores configurado
2025-10-14 09:52:18 [INFO]: 🔄 Inicializando servicios...
2025-10-14 09:52:18 [WARN]: ⚠️ Conexión a base de datos omitida - usando modo fallback
2025-10-14 09:52:18 [DEBUG]: 📝 INFO: ⚠️ Usando cache en memoria (Redis no disponible) [object Object]
2025-10-14 09:52:18 [WARN]: ⚠️  SMS service no disponible, usando modo fallback
2025-10-14 09:52:18 [INFO]: ✅ Todos los servicios externos inicializados correctamente
2025-10-14 09:52:18 [DEBUG]: SMS service health check failed:
2025-10-14 09:52:18 [INFO]: ✅ Servicios externos inicializados
2025-10-14 09:52:18 [INFO]: ✅ Todos los servicios externos inicializados correctamente
2025-10-14 09:52:18 [INFO]: ⚡ Configurando optimizaciones...
2025-10-14 09:52:18 [INFO]: 🔧 Creando índices optimizados de base de datos...
2025-10-14 09:52:22 [WARN]: ⚠️ Error creando índice idx_users_email_active:
2025-10-14 09:52:22 [ERROR]: ❌ ERROR: Error obteniendo estadísticas rápidas: [object Object]
2025-10-14 09:52:26 [WARN]: ⚠️ Error creando índice idx_users_created_position:
2025-10-14 09:52:27 [ERROR]: ❌ ERROR: Error obteniendo estadísticas rápidas: [object Object]
2025-10-14 09:52:30 [WARN]: ⚠️ Error creando índice idx_visitors_status_created:
2025-10-14 09:52:32 [ERROR]: ❌ ERROR: Error obteniendo estadísticas rápidas: [object Object]
2025-10-14 09:52:34 [WARN]: ⚠️ Error creando índice idx_visitors_host_date:
2025-10-14 09:52:37 [ERROR]: ❌ ERROR: Error obteniendo estadísticas rápidas: [object Object]
2025-10-14 09:52:38 [WARN]: ⚠️ Error creando índice idx_visitors_email_phone:
2025-10-14 09:52:38 [INFO]: 🛑 Iniciando parada elegante del servidor (SIGINT)...
2025-10-14 09:54:00 [DEBUG]: 📝 INFO: 🔴 Redis Service iniciado en modo fallback (memoria) [object Object]
2025-10-14 09:54:01 [DEBUG]: 📝 INFO: ✅ Servicios de expiración de invitaciones inicializados [object Object]
2025-10-14 09:54:01 [INFO]: 📊 Sistema de métricas iniciado
2025-10-14 09:54:04 [WARN]: ⚠️  Email service no disponible, usando modo fallback
2025-10-14 09:54:05 [INFO]: ✅ Servicio de almacenamiento (local) configurado
2025-10-14 09:54:05 [WARN]: ⚠️  Push notifications no disponibles, usando modo fallback
2025-10-14 09:54:07 [DEBUG]: [dotenv@17.2.1] injecting env (0) from .env [2m-- tip: 🔐 prevent committing .env to code: https://dotenvx.com/precommit[0m
2025-10-14 09:54:07 [DEBUG]: ✅ Twilio configurado correctamente
2025-10-14 09:54:07 [DEBUG]: ⚠️ SendGrid no configurado - usar credenciales reales en .env
2025-10-14 09:54:07 [WARN]: ⚠️ Base de datos deshabilitada por configuración - modo fallback
2025-10-14 09:54:07 [INFO]: 🚀 Iniciando UNIONTECH Backend Server v1.0.0
2025-10-14 09:54:07 [INFO]: ⚙️ Configurando Express...
2025-10-14 09:54:07 [INFO]: ✅ Express configurado
2025-10-14 09:54:07 [INFO]: 🛡️ Configurando seguridad...
2025-10-14 09:54:07 [INFO]: ✅ Seguridad configurada
2025-10-14 09:54:07 [INFO]: 📊 Configurando monitoreo...
2025-10-14 09:54:07 [INFO]: ✅ Monitoreo configurado
2025-10-14 09:54:07 [INFO]: 🛤️ Configurando rutas...
2025-10-14 09:54:07 [INFO]: ✅ Rutas configuradas
2025-10-14 09:54:07 [INFO]: 🔌 Configurando WebSocket...
2025-10-14 09:54:07 [DEBUG]: 📝 INFO: ⏱️ Actualizaciones periódicas del dashboard iniciadas [object Object]
2025-10-14 09:54:07 [DEBUG]: 📝 INFO: 🔄 Dashboard en tiempo real inicializado [object Object]
2025-10-14 09:54:07 [INFO]: ✅ WebSocket configurado
2025-10-14 09:54:07 [INFO]: 📚 Configurando documentación...
2025-10-14 09:54:07 [ERROR]: (node:19396) NOTE: The AWS SDK for JavaScript (v2) is in maintenance mode.
 SDK releases are limited to address critical bug fixes and security issues only.

Please migrate your code to use AWS SDK for JavaScript (v3).
For more information, check the blog post at https://a.co/cUPnyil
(Use `node --trace-warnings ...` to show where the warning was created)
2025-10-14 09:54:07 [INFO]: 📁 Directorio de documentos inicializado: C:\Users\jesus\OneDrive\Escritorio\UNIONTECH\uploads\documentos-invitaciones
2025-10-14 09:54:07 [INFO]: ✅ Documentación configurada en /api/docs
2025-10-14 09:54:07 [INFO]: 🔧 Configurando manejo de errores...
2025-10-14 09:54:07 [INFO]: ✅ Manejo de errores configurado
2025-10-14 09:54:07 [INFO]: 🔄 Inicializando servicios...
2025-10-14 09:54:07 [WARN]: ⚠️ Conexión a base de datos omitida - usando modo fallback
2025-10-14 09:54:07 [DEBUG]: 📝 INFO: ⚠️ Usando cache en memoria (Redis no disponible) [object Object]
2025-10-14 09:54:07 [WARN]: ⚠️  SMS service no disponible, usando modo fallback
2025-10-14 09:54:07 [INFO]: ✅ Todos los servicios externos inicializados correctamente
2025-10-14 09:54:07 [DEBUG]: SMS service health check failed:
2025-10-14 09:54:07 [INFO]: ✅ Servicios externos inicializados
2025-10-14 09:54:07 [INFO]: ✅ Todos los servicios externos inicializados correctamente
2025-10-14 09:54:07 [INFO]: ⚡ Configurando optimizaciones...
2025-10-14 09:54:07 [INFO]: 🔧 Creando índices optimizados de base de datos...
2025-10-14 09:54:11 [WARN]: ⚠️ Error creando índice idx_users_email_active:
2025-10-14 09:54:12 [ERROR]: ❌ ERROR: Error obteniendo estadísticas rápidas: [object Object]
2025-10-14 09:54:15 [WARN]: ⚠️ Error creando índice idx_users_created_position:
2025-10-14 09:54:17 [ERROR]: ❌ ERROR: Error obteniendo estadísticas rápidas: [object Object]
2025-10-14 09:54:20 [WARN]: ⚠️ Error creando índice idx_visitors_status_created:
2025-10-14 09:54:22 [ERROR]: ❌ ERROR: Error obteniendo estadísticas rápidas: [object Object]
2025-10-14 09:54:24 [WARN]: ⚠️ Error creando índice idx_visitors_host_date:
2025-10-14 09:54:27 [ERROR]: ❌ ERROR: Error obteniendo estadísticas rápidas: [object Object]
2025-10-14 09:54:28 [WARN]: ⚠️ Error creando índice idx_visitors_email_phone:
2025-10-14 09:54:31 [DEBUG]: Métricas recopiladas: {"requestCount":0,"averageResponseTime":0,"memoryUsage":0.8822151248882432,"cpuUsage":0,"activeConnections":0,"errorRate":0,"processUptime":32.7589932,"systemLoadAvg":[0,0,0],"freeMemory":1946124288,"totalMemory":12591706112}
2025-10-14 09:54:31 [WARN]: 🚨 Problemas de rendimiento detectados: {"0":{"type":"HIGH_MEMORY_USAGE","severity":"WARNING","value":0.8822151248882432,"threshold":0.8}}
2025-10-14 09:54:31 [INFO]: 🔧 Aplicando optimizaciones de memoria...
2025-10-14 09:54:31 [INFO]: 🔧 Configurando pool de conexiones DB: 2
2025-10-14 09:54:31 [INFO]: 🚀 Aplicando optimizaciones automáticas...
2025-10-14 09:54:31 [INFO]: ✅ Optimización aplicada: dbPool {"previousSize":5,"newSize":2}
2025-10-14 09:54:31 [INFO]: 🛑 Iniciando parada elegante del servidor (SIGINT)...
2025-10-14 09:55:38 [DEBUG]: 📝 INFO: 🔴 Redis Service iniciado en modo fallback (memoria) [object Object]
2025-10-14 09:55:38 [DEBUG]: 📝 INFO: ✅ Servicios de expiración de invitaciones inicializados [object Object]
2025-10-14 09:55:38 [INFO]: 📊 Sistema de métricas iniciado
2025-10-14 09:55:41 [WARN]: ⚠️  Email service no disponible, usando modo fallback
2025-10-14 09:55:42 [INFO]: ✅ Servicio de almacenamiento (local) configurado
2025-10-14 09:55:42 [WARN]: ⚠️  Push notifications no disponibles, usando modo fallback
2025-10-14 09:55:43 [DEBUG]: [dotenv@17.2.1] injecting env (0) from .env [2m-- tip: ⚙️  override existing env vars with { override: true }[0m
2025-10-14 09:55:43 [DEBUG]: ✅ Twilio configurado correctamente
2025-10-14 09:55:43 [DEBUG]: ⚠️ SendGrid no configurado - usar credenciales reales en .env
2025-10-14 09:55:44 [WARN]: ⚠️ Base de datos deshabilitada por configuración - modo fallback
2025-10-14 09:55:44 [INFO]: 🚀 Iniciando UNIONTECH Backend Server v1.0.0
2025-10-14 09:55:44 [INFO]: ⚙️ Configurando Express...
2025-10-14 09:55:44 [INFO]: ✅ Express configurado
2025-10-14 09:55:44 [INFO]: 🛡️ Configurando seguridad...
2025-10-14 09:55:44 [INFO]: ✅ Seguridad configurada
2025-10-14 09:55:44 [INFO]: 📊 Configurando monitoreo...
2025-10-14 09:55:44 [INFO]: ✅ Monitoreo configurado
2025-10-14 09:55:44 [INFO]: 🛤️ Configurando rutas...
2025-10-14 09:55:44 [INFO]: ✅ Rutas configuradas
2025-10-14 09:55:44 [INFO]: 🔌 Configurando WebSocket...
2025-10-14 09:55:44 [DEBUG]: 📝 INFO: ⏱️ Actualizaciones periódicas del dashboard iniciadas [object Object]
2025-10-14 09:55:44 [DEBUG]: 📝 INFO: 🔄 Dashboard en tiempo real inicializado [object Object]
2025-10-14 09:55:44 [INFO]: ✅ WebSocket configurado
2025-10-14 09:55:44 [INFO]: 📚 Configurando documentación...
2025-10-14 09:55:44 [ERROR]: (node:6384) NOTE: The AWS SDK for JavaScript (v2) is in maintenance mode.
 SDK releases are limited to address critical bug fixes and security issues only.

Please migrate your code to use AWS SDK for JavaScript (v3).
For more information, check the blog post at https://a.co/cUPnyil
(Use `node --trace-warnings ...` to show where the warning was created)
2025-10-14 09:55:44 [INFO]: 📁 Directorio de documentos inicializado: C:\Users\jesus\OneDrive\Escritorio\UNIONTECH\uploads\documentos-invitaciones
2025-10-14 09:55:44 [INFO]: ✅ Documentación configurada en /api/docs
2025-10-14 09:55:44 [INFO]: 🔧 Configurando manejo de errores...
2025-10-14 09:55:44 [INFO]: ✅ Manejo de errores configurado
2025-10-14 09:55:44 [INFO]: 🔄 Inicializando servicios...
2025-10-14 09:55:44 [WARN]: ⚠️ Conexión a base de datos omitida - usando modo fallback
2025-10-14 09:55:44 [DEBUG]: 📝 INFO: ⚠️ Usando cache en memoria (Redis no disponible) [object Object]
2025-10-14 09:55:44 [WARN]: ⚠️  SMS service no disponible, usando modo fallback
2025-10-14 09:55:44 [INFO]: ✅ Todos los servicios externos inicializados correctamente
2025-10-14 09:55:44 [DEBUG]: SMS service health check failed:
2025-10-14 09:55:44 [INFO]: ✅ Servicios externos inicializados
2025-10-14 09:55:44 [INFO]: ✅ Todos los servicios externos inicializados correctamente
2025-10-14 09:55:44 [INFO]: ⚡ Configurando optimizaciones...
2025-10-14 09:55:44 [INFO]: 🔧 Creando índices optimizados de base de datos...
2025-10-14 09:55:48 [WARN]: ⚠️ Error creando índice idx_users_email_active:
2025-10-14 09:55:49 [ERROR]: ❌ ERROR: Error obteniendo estadísticas rápidas: [object Object]
2025-10-14 09:55:53 [WARN]: ⚠️ Error creando índice idx_users_created_position:
2025-10-14 09:55:54 [ERROR]: ❌ ERROR: Error obteniendo estadísticas rápidas: [object Object]
2025-10-14 09:55:57 [WARN]: ⚠️ Error creando índice idx_visitors_status_created:
2025-10-14 09:55:59 [ERROR]: ❌ ERROR: Error obteniendo estadísticas rápidas: [object Object]
2025-10-14 09:56:01 [WARN]: ⚠️ Error creando índice idx_visitors_host_date:
2025-10-14 09:56:04 [ERROR]: ❌ ERROR: Error obteniendo estadísticas rápidas: [object Object]
2025-10-14 09:56:05 [WARN]: ⚠️ Error creando índice idx_visitors_email_phone:
2025-10-14 09:56:08 [DEBUG]: Métricas recopiladas: {"requestCount":0,"averageResponseTime":0,"memoryUsage":0.6155001674016558,"cpuUsage":0,"activeConnections":0,"errorRate":0,"processUptime":31.9263212,"systemLoadAvg":[0,0,0],"freeMemory":2189971456,"totalMemory":12591706112}
2025-10-14 09:56:09 [ERROR]: ❌ ERROR: Error obteniendo estadísticas rápidas: [object Object]
2025-10-14 09:56:09 [WARN]: ⚠️ Error creando índice idx_visitors_company_purpose:
2025-10-14 09:56:13 [WARN]: ⚠️ Error creando índice idx_access_visitor_time:
2025-10-14 09:56:14 [ERROR]: ❌ ERROR: Error obteniendo estadísticas rápidas: [object Object]
2025-10-14 09:56:17 [WARN]: ⚠️ Error creando índice idx_access_type_time:
2025-10-14 09:56:19 [ERROR]: ❌ ERROR: Error obteniendo estadísticas rápidas: [object Object]
2025-10-14 09:56:21 [WARN]: ⚠️ Error creando índice idx_access_location_date:
2025-10-14 09:56:24 [ERROR]: ❌ ERROR: Error obteniendo estadísticas rápidas: [object Object]
2025-10-14 09:56:25 [WARN]: ⚠️ Error creando índice idx_invitation_status_expires:
2025-10-14 09:56:29 [ERROR]: ❌ ERROR: Error obteniendo estadísticas rápidas: [object Object]
2025-10-14 09:56:29 [WARN]: ⚠️ Error creando índice idx_invitation_visitor_created:
2025-10-14 09:56:31 [INFO]: 🛑 Iniciando parada elegante del servidor (SIGINT)...
2025-10-14 10:38:41 [DEBUG]: 📝 INFO: 🔴 Redis Service iniciado en modo fallback (memoria) [object Object]
2025-10-14 10:38:41 [DEBUG]: 📝 INFO: 📊 Dashboard en modo fallback (sin base de datos) [object Object]
2025-10-14 10:38:41 [DEBUG]: 📝 INFO: ✅ Servicios de expiración de invitaciones inicializados [object Object]
2025-10-14 10:38:41 [INFO]: 📊 Sistema de métricas iniciado
2025-10-14 10:38:45 [WARN]: ⚠️  Email service no disponible, usando modo fallback
2025-10-14 10:38:46 [INFO]: ✅ Servicio de almacenamiento (local) configurado
2025-10-14 10:38:46 [WARN]: ⚠️  Push notifications no disponibles, usando modo fallback
2025-10-14 10:38:48 [DEBUG]: [dotenv@17.2.1] injecting env (0) from .env [2m-- tip: 📡 observe env with Radar: https://dotenvx.com/radar[0m
2025-10-14 10:38:48 [DEBUG]: ✅ Twilio configurado correctamente
2025-10-14 10:38:48 [DEBUG]: ⚠️ SendGrid no configurado - usar credenciales reales en .env
2025-10-14 10:38:48 [WARN]: ⚠️ Base de datos deshabilitada por configuración - modo fallback
2025-10-14 10:38:48 [INFO]: 🚀 Iniciando UNIONTECH Backend Server v1.0.0
2025-10-14 10:38:48 [INFO]: ⚙️ Configurando Express...
2025-10-14 10:38:48 [INFO]: ✅ Express configurado
2025-10-14 10:38:48 [INFO]: 🛡️ Configurando seguridad...
2025-10-14 10:38:48 [INFO]: ✅ Seguridad configurada
2025-10-14 10:38:48 [INFO]: 📊 Configurando monitoreo...
2025-10-14 10:38:48 [INFO]: ✅ Monitoreo configurado
2025-10-14 10:38:48 [INFO]: 🛤️ Configurando rutas...
2025-10-14 10:38:48 [INFO]: ✅ Rutas configuradas
2025-10-14 10:38:48 [INFO]: 🔌 Configurando WebSocket...
2025-10-14 10:38:48 [DEBUG]: 📝 INFO: ⏱️ Actualizaciones periódicas del dashboard iniciadas [object Object]
2025-10-14 10:38:48 [DEBUG]: 📝 INFO: 🔄 Dashboard en tiempo real inicializado [object Object]
2025-10-14 10:38:48 [INFO]: ✅ WebSocket configurado
2025-10-14 10:38:48 [INFO]: 📚 Configurando documentación...
2025-10-14 10:38:48 [ERROR]: (node:13552) NOTE: The AWS SDK for JavaScript (v2) is in maintenance mode.
 SDK releases are limited to address critical bug fixes and security issues only.

Please migrate your code to use AWS SDK for JavaScript (v3).
For more information, check the blog post at https://a.co/cUPnyil
(Use `node --trace-warnings ...` to show where the warning was created)
2025-10-14 10:38:48 [INFO]: 📁 Directorio de documentos inicializado: C:\Users\jesus\OneDrive\Escritorio\UNIONTECH\uploads\documentos-invitaciones
2025-10-14 10:38:48 [INFO]: ✅ Documentación configurada en /api/docs
2025-10-14 10:38:48 [INFO]: 🔧 Configurando manejo de errores...
2025-10-14 10:38:48 [INFO]: ✅ Manejo de errores configurado
2025-10-14 10:38:48 [INFO]: 🔄 Inicializando servicios...
2025-10-14 10:38:48 [WARN]: ⚠️ Conexión a base de datos omitida - usando modo fallback
2025-10-14 10:38:48 [DEBUG]: 📝 INFO: ⚠️ Usando cache en memoria (Redis no disponible) [object Object]
2025-10-14 10:38:49 [DEBUG]: SMS service health check failed:
2025-10-14 10:38:49 [INFO]: ✅ Servicios externos inicializados
2025-10-14 10:38:49 [INFO]: ✅ Todos los servicios externos inicializados correctamente
2025-10-14 10:38:49 [INFO]: ⚡ Configurando optimizaciones...
2025-10-14 10:38:49 [INFO]: 🔧 Creando índices optimizados de base de datos...
2025-10-14 10:38:49 [WARN]: ⚠️  SMS service no disponible, usando modo fallback
2025-10-14 10:38:49 [INFO]: ✅ Todos los servicios externos inicializados correctamente
2025-10-14 10:38:53 [WARN]: ⚠️ Error creando índice idx_users_email_active:
2025-10-14 10:38:57 [WARN]: ⚠️ Error creando índice idx_users_created_position:
2025-10-14 10:39:01 [WARN]: ⚠️ Error creando índice idx_visitors_status_created:
2025-10-14 10:39:05 [WARN]: ⚠️ Error creando índice idx_visitors_host_date:
2025-10-14 10:39:09 [WARN]: ⚠️ Error creando índice idx_visitors_email_phone:
2025-10-14 10:39:11 [DEBUG]: Métricas recopiladas: {"requestCount":0,"averageResponseTime":0,"memoryUsage":0.6111557562496618,"cpuUsage":0,"activeConnections":0,"errorRate":0,"processUptime":32.2368472,"systemLoadAvg":[0,0,0],"freeMemory":1933787136,"totalMemory":12591706112}
2025-10-14 10:39:13 [WARN]: ⚠️ Error creando índice idx_visitors_company_purpose:
2025-10-14 10:39:17 [WARN]: ⚠️ Error creando índice idx_access_visitor_time:
2025-10-14 10:39:21 [WARN]: ⚠️ Error creando índice idx_access_type_time:
2025-10-14 10:39:25 [WARN]: ⚠️ Error creando índice idx_access_location_date:
2025-10-14 10:39:29 [WARN]: ⚠️ Error creando índice idx_invitation_status_expires:
2025-10-14 10:39:33 [WARN]: ⚠️ Error creando índice idx_invitation_visitor_created:
2025-10-14 10:39:37 [WARN]: ⚠️ Error creando índice idx_user_roles_user_role:
2025-10-14 10:39:41 [WARN]: 🚨 Alerta de métrica disparada: {"id":"HIGH_MEMORY_USAGE_1760449181862","type":"HIGH_MEMORY_USAGE","current":0.8464237396585134,"threshold":0.8,"severity":"WARNING"}
2025-10-14 10:39:41 [DEBUG]: Métricas recopiladas: {"requestCount":0,"averageResponseTime":0,"memoryUsage":0.8991737864854973,"cpuUsage":0,"activeConnections":0,"errorRate":0,"processUptime":62.262135,"systemLoadAvg":[0,0,0],"freeMemory":2098884608,"totalMemory":12591706112}
2025-10-14 10:39:41 [WARN]: 🚨 Problemas de rendimiento detectados: {"0":{"type":"HIGH_MEMORY_USAGE","severity":"WARNING","value":0.8991737864854973,"threshold":0.8}}
2025-10-14 10:39:41 [INFO]: 🔧 Aplicando optimizaciones de memoria...
2025-10-14 10:39:41 [INFO]: 🔧 Configurando pool de conexiones DB: 2
2025-10-14 10:39:41 [INFO]: 🚀 Aplicando optimizaciones automáticas...
2025-10-14 10:39:41 [INFO]: ✅ Optimización aplicada: dbPool {"previousSize":5,"newSize":2}
2025-10-14 10:39:42 [WARN]: ⚠️ Error creando índice idx_role_permissions_role_permission:
2025-10-14 10:39:47 [WARN]: ⚠️ Error creando índice idx_maintenance_active_specialty:
2025-10-14 10:39:51 [WARN]: ⚠️ Error creando índice idx_visitors_complex_search:
2025-10-14 10:39:51 [INFO]: 👁️ Creando vistas optimizadas...
2025-10-14 10:39:55 [WARN]: ⚠️ Error creando vista vw_ActiveVisitors:
2025-10-14 10:39:59 [WARN]: ⚠️ Error creando vista vw_DailyStatistics:
2025-10-14 10:40:03 [WARN]: ⚠️ Error creando vista vw_UserPermissions:
2025-10-14 10:40:03 [INFO]: 🔍 Analizando rendimiento de consultas...
2025-10-14 10:40:11 [DEBUG]: Métricas recopiladas: {"requestCount":0,"averageResponseTime":0,"memoryUsage":0.8792392503911488,"cpuUsage":0,"activeConnections":0,"errorRate":0,"processUptime":92.2635658,"systemLoadAvg":[0,0,0],"freeMemory":2158895104,"totalMemory":12591706112}
2025-10-14 10:40:11 [WARN]: 🚨 Problemas de rendimiento detectados: {"0":{"type":"HIGH_MEMORY_USAGE","severity":"WARNING","value":0.8792392503911488,"threshold":0.8}}
2025-10-14 10:40:11 [INFO]: 🔧 Aplicando optimizaciones de memoria...
2025-10-14 10:40:11 [INFO]: 🔧 Configurando pool de conexiones DB: 2
2025-10-14 10:40:11 [INFO]: 🚀 Aplicando optimizaciones automáticas...
2025-10-14 10:40:11 [INFO]: ✅ Optimización aplicada: dbPool {"previousSize":5,"newSize":2}
2025-10-14 10:40:19 [INFO]: 🔧 Optimizando pool de conexiones...
2025-10-14 10:40:19 [INFO]: ✅ Configuración de pool optimizada: {"connectionPoolSize":8,"maxIdleTime":300000,"connectionTimeout":30000,"commandTimeout":60000,"maxRetries":3,"retryDelay":1000}
2025-10-14 10:40:19 [INFO]: 🔄 Configurando mantenimiento automático...
2025-10-14 10:40:19 [INFO]: ✅ Configuración de mantenimiento preparada
2025-10-14 10:40:19 [INFO]: 📋 Reporte de optimización generado
2025-10-14 10:40:19 [INFO]: ✅ Optimizaciones de BD aplicadas: {"indexes":15,"views":3}
2025-10-14 10:40:19 [INFO]: 📊 Iniciando monitoreo de rendimiento de DB...
2025-10-14 10:40:19 [INFO]: ✅ Optimizaciones configuradas
2025-10-14 10:40:19 [INFO]: ✅ Servidor configurado exitosamente
2025-10-14 10:40:19 [INFO]: 🎉 UNIONTECH Server iniciado exitosamente
2025-10-14 10:40:19 [INFO]: 🌐 Servidor: http://localhost:3001
2025-10-14 10:40:19 [INFO]: 📚 Documentación: http://localhost:3001/api/docs
2025-10-14 10:40:19 [INFO]: 💚 Health Check: http://localhost:3001/health
2025-10-14 10:40:19 [INFO]: 📊 Dashboard: WebSocket en puerto 3001
2025-10-14 10:40:19 [INFO]: 🚀 UNIONTECH Backend completamente operativo
2025-10-14 10:40:41 [WARN]: 🚨 Alerta de métrica disparada: {"id":"HIGH_MEMORY_USAGE_1760449241877","type":"HIGH_MEMORY_USAGE","current":0.8285228390184334,"threshold":0.8,"severity":"WARNING"}
2025-10-14 10:40:41 [DEBUG]: Métricas recopiladas: {"requestCount":0,"averageResponseTime":0,"memoryUsage":0.8985602739843536,"cpuUsage":0,"activeConnections":0,"errorRate":0,"processUptime":122.2716779,"systemLoadAvg":[0,0,0],"freeMemory":2046369792,"totalMemory":12591706112}
2025-10-14 10:40:41 [WARN]: 🚨 Problemas de rendimiento detectados: {"0":{"type":"HIGH_MEMORY_USAGE","severity":"WARNING","value":0.8985602739843536,"threshold":0.8}}
2025-10-14 10:40:41 [INFO]: 🔧 Aplicando optimizaciones de memoria...
2025-10-14 10:40:41 [INFO]: 🔧 Configurando pool de conexiones DB: 2
2025-10-14 10:40:41 [INFO]: 🚀 Aplicando optimizaciones automáticas...
2025-10-14 10:40:41 [INFO]: ✅ Optimización aplicada: dbPool {"previousSize":5,"newSize":2}
2025-10-14 10:40:49 [DEBUG]: Métricas recopiladas: {"requestCount":0,"averageResponseTime":0,"memoryUsage":0.9027084977468204,"cpuUsage":0,"activeConnections":0,"errorRate":0,"processUptime":130.0129225,"systemLoadAvg":[0,0,0],"freeMemory":2074796032,"totalMemory":12591706112}
2025-10-14 10:40:49 [WARN]: 🚨 Problemas de rendimiento detectados: {"0":{"type":"HIGH_MEMORY_USAGE","severity":"WARNING","value":0.9027084977468204,"threshold":0.8}}
2025-10-14 10:40:49 [INFO]: 🔧 Aplicando optimizaciones de memoria...
2025-10-14 10:40:49 [INFO]: 🔧 Configurando pool de conexiones DB: 2
2025-10-14 10:40:49 [INFO]: 🚀 Aplicando optimizaciones automáticas...
2025-10-14 10:40:49 [INFO]: ✅ Optimización aplicada: dbPool {"previousSize":5,"newSize":2}
2025-10-14 10:41:11 [DEBUG]: Métricas recopiladas: {"requestCount":0,"averageResponseTime":0,"memoryUsage":0.9091708413395553,"cpuUsage":0,"activeConnections":0,"errorRate":0,"processUptime":152.2843078,"systemLoadAvg":[0,0,0],"freeMemory":2373840896,"totalMemory":12591706112}
2025-10-14 10:41:11 [WARN]: 🚨 Problemas de rendimiento detectados: {"0":{"type":"HIGH_MEMORY_USAGE","severity":"WARNING","value":0.9091708413395553,"threshold":0.8}}
2025-10-14 10:41:11 [INFO]: 🔧 Aplicando optimizaciones de memoria...
2025-10-14 10:41:11 [INFO]: 🔧 Configurando pool de conexiones DB: 2
2025-10-14 10:41:11 [INFO]: 🚀 Aplicando optimizaciones automáticas...
2025-10-14 10:41:11 [INFO]: ✅ Optimización aplicada: dbPool {"previousSize":5,"newSize":2}
2025-10-14 10:41:19 [DEBUG]: Métricas recopiladas: {"requestCount":0,"averageResponseTime":0,"memoryUsage":0.9138923677829628,"cpuUsage":0,"activeConnections":0,"errorRate":0,"processUptime":160.0245477,"systemLoadAvg":[0,0,0],"freeMemory":2411802624,"totalMemory":12591706112}
2025-10-14 10:41:19 [WARN]: 🚨 Problemas de rendimiento detectados: {"0":{"type":"HIGH_MEMORY_USAGE","severity":"WARNING","value":0.9138923677829628,"threshold":0.8}}
2025-10-14 10:41:19 [INFO]: 🔧 Aplicando optimizaciones de memoria...
2025-10-14 10:41:19 [INFO]: 🔧 Configurando pool de conexiones DB: 2
2025-10-14 10:41:19 [INFO]: 🚀 Aplicando optimizaciones automáticas...
2025-10-14 10:41:19 [INFO]: ✅ Optimización aplicada: dbPool {"previousSize":5,"newSize":2}
2025-10-14 10:41:23 [DEBUG]: Error obteniendo métrica connectionCount:
2025-10-14 10:41:27 [DEBUG]: Error obteniendo métrica activeQueries:
2025-10-14 10:41:31 [DEBUG]: 📝 INFO: 🔌 Dashboard en tiempo real desconectado [object Object]
2025-10-14 10:42:33 [DEBUG]: 📝 INFO: 🔴 Redis Service iniciado en modo fallback (memoria) [object Object]
2025-10-14 10:42:34 [DEBUG]: 📝 INFO: ✅ Servicios de expiración de invitaciones inicializados [object Object]
2025-10-14 10:42:34 [INFO]: 📊 Sistema de métricas iniciado
2025-10-14 10:42:36 [WARN]: ⚠️  Email service no disponible, usando modo fallback
2025-10-14 10:42:37 [INFO]: ✅ Servicio de almacenamiento (local) configurado
2025-10-14 10:42:37 [WARN]: ⚠️  Push notifications no disponibles, usando modo fallback
2025-10-14 10:42:38 [DEBUG]: [dotenv@17.2.1] injecting env (0) from .env [2m-- tip: 🔐 prevent building .env in docker: https://dotenvx.com/prebuild[0m
2025-10-14 10:42:38 [DEBUG]: ✅ Twilio configurado correctamente
2025-10-14 10:42:38 [DEBUG]: ⚠️ SendGrid no configurado - usar credenciales reales en .env
2025-10-14 10:42:38 [INFO]: 🚀 Iniciando UNIONTECH Backend Server v1.0.0
2025-10-14 10:42:38 [INFO]: ⚙️ Configurando Express...
2025-10-14 10:42:38 [INFO]: ✅ Express configurado
2025-10-14 10:42:38 [INFO]: 🛡️ Configurando seguridad...
2025-10-14 10:42:38 [INFO]: ✅ Seguridad configurada
2025-10-14 10:42:38 [INFO]: 📊 Configurando monitoreo...
2025-10-14 10:42:38 [INFO]: ✅ Monitoreo configurado
2025-10-14 10:42:38 [INFO]: 🛤️ Configurando rutas...
2025-10-14 10:42:38 [INFO]: ✅ Rutas configuradas
2025-10-14 10:42:38 [INFO]: 🔌 Configurando WebSocket...
2025-10-14 10:42:38 [DEBUG]: 📝 INFO: ⏱️ Actualizaciones periódicas del dashboard iniciadas [object Object]
2025-10-14 10:42:38 [DEBUG]: 📝 INFO: 🔄 Dashboard en tiempo real inicializado [object Object]
2025-10-14 10:42:38 [INFO]: ✅ WebSocket configurado
2025-10-14 10:42:38 [INFO]: 📚 Configurando documentación...
2025-10-14 10:42:38 [ERROR]: (node:19284) NOTE: The AWS SDK for JavaScript (v2) is in maintenance mode.
 SDK releases are limited to address critical bug fixes and security issues only.

Please migrate your code to use AWS SDK for JavaScript (v3).
For more information, check the blog post at https://a.co/cUPnyil
(Use `node --trace-warnings ...` to show where the warning was created)
2025-10-14 10:42:38 [INFO]: 📁 Directorio de documentos inicializado: C:\Users\jesus\OneDrive\Escritorio\UNIONTECH\uploads\documentos-invitaciones
2025-10-14 10:42:39 [INFO]: ✅ Documentación configurada en /api/docs
2025-10-14 10:42:39 [INFO]: 🔧 Configurando manejo de errores...
2025-10-14 10:42:39 [INFO]: ✅ Manejo de errores configurado
2025-10-14 10:42:39 [INFO]: 🔄 Inicializando servicios...
2025-10-14 10:42:39 [WARN]: ⚠️ Conexión a base de datos omitida - usando modo fallback
2025-10-14 10:42:39 [DEBUG]: 📝 INFO: ⚠️ Usando cache en memoria (Redis no disponible) [object Object]
2025-10-14 10:42:39 [WARN]: ⚠️  SMS service no disponible, usando modo fallback
2025-10-14 10:42:39 [INFO]: ✅ Todos los servicios externos inicializados correctamente
2025-10-14 10:42:39 [DEBUG]: SMS service health check failed:
2025-10-14 10:42:39 [INFO]: ✅ Servicios externos inicializados
2025-10-14 10:42:39 [INFO]: ✅ Todos los servicios externos inicializados correctamente
2025-10-14 10:42:39 [INFO]: ⚡ Configurando optimizaciones...
2025-10-14 10:42:39 [INFO]: 🔧 Creando índices optimizados de base de datos...
2025-10-14 10:42:43 [WARN]: ⚠️ Error creando índice idx_users_email_active:
2025-10-14 10:42:43 [ERROR]: ❌ ERROR: Error obteniendo estadísticas rápidas: [object Object]
2025-10-14 10:42:47 [WARN]: ⚠️ Error creando índice idx_users_created_position:
2025-10-14 10:42:48 [ERROR]: ❌ ERROR: Error obteniendo estadísticas rápidas: [object Object]
2025-10-14 10:42:51 [WARN]: ⚠️ Error creando índice idx_visitors_status_created:
2025-10-14 10:42:53 [ERROR]: ❌ ERROR: Error obteniendo estadísticas rápidas: [object Object]
2025-10-14 10:42:55 [WARN]: ⚠️ Error creando índice idx_visitors_host_date:
2025-10-14 10:42:57 [INFO]: 🛑 Iniciando parada elegante del servidor (SIGINT)...
