2025-10-14 09:24:07 [ERROR]: ❌ ERROR: Error Handler [object Object]
2025-10-14 09:24:08 [ERROR]: ❌ ERROR: Error Handler [object Object]
2025-10-14 09:24:08 [ERROR]: ❌ ERROR: Error Handler [object Object]
2025-10-14 09:24:08 [ERROR]: ❌ ERROR: Error Handler [object Object]
2025-10-14 09:24:08 [ERROR]: ❌ ERROR: Error Handler [object Object]
2025-10-14 09:24:08 [ERROR]: ❌ ERROR: Error Handler [object Object]
2025-10-14 09:24:08 [ERROR]: ❌ ERROR: Error Handler [object Object]
2025-10-14 09:24:08 [ERROR]: ❌ ERROR: Error Handler [object Object]
2025-10-14 09:24:08 [ERROR]: ❌ ERROR: Error Handler [object Object]
2025-10-14 09:24:08 [ERROR]: ❌ ERROR: Error Handler [object Object]
2025-10-14 09:24:08 [ERROR]: ❌ ERROR: Error Handler [object Object]
2025-10-14 09:24:09 [ERROR]: ❌ ERROR: Error Handler [object Object]
2025-10-14 09:24:09 [ERROR]: ❌ ERROR: Error Handler [object Object]
2025-10-14 09:24:12 [ERROR]: 🔴 ALERTA CRÍTICA INMEDIATA: [object Object]
2025-10-14 09:24:12 [ERROR]: 🚨 EVENTO CRÍTICO: [object Object]
2025-10-14 09:24:13 [ERROR]: 🔴 ALERTA CRÍTICA INMEDIATA: [object Object]
2025-10-14 09:24:13 [ERROR]: 🚨 EVENTO CRÍTICO: [object Object]
2025-10-14 09:24:13 [ERROR]: 🔴 ALERTA CRÍTICA INMEDIATA: [object Object]
2025-10-14 09:24:13 [ERROR]: 🚨 EVENTO CRÍTICO: [object Object]
2025-10-14 09:24:13 [ERROR]: 🔴 ALERTA CRÍTICA INMEDIATA: [object Object]
2025-10-14 09:24:13 [ERROR]: 🚨 EVENTO CRÍTICO: [object Object]
2025-10-14 09:25:13 [ERROR]: ❌ ERROR: Error Handler [object Object]
2025-10-14 09:25:13 [ERROR]: ❌ ERROR: Error Handler [object Object]
2025-10-14 09:25:14 [ERROR]: ❌ ERROR: Error Handler [object Object]
2025-10-14 09:25:15 [ERROR]: ❌ ERROR: Error Handler [object Object]
2025-10-14 09:25:16 [ERROR]: 🔴 ALERTA CRÍTICA INMEDIATA: [object Object]
2025-10-14 09:25:16 [ERROR]: 🚨 EVENTO CRÍTICO: [object Object]
2025-10-14 09:25:16 [ERROR]: 🔴 ALERTA CRÍTICA INMEDIATA: [object Object]
2025-10-14 09:25:16 [ERROR]: 🚨 EVENTO CRÍTICO: [object Object]
2025-10-14 09:25:16 [ERROR]: ❌ ERROR: Error Handler [object Object]
2025-10-14 09:25:17 [ERROR]: ❌ ERROR: Error Handler [object Object]
2025-10-14 09:25:17 [ERROR]: 🔴 ALERTA CRÍTICA INMEDIATA: [object Object]
2025-10-14 09:25:17 [ERROR]: 🚨 EVENTO CRÍTICO: [object Object]
2025-10-14 09:25:17 [ERROR]: 🔴 ALERTA CRÍTICA INMEDIATA: [object Object]
2025-10-14 09:25:17 [ERROR]: 🚨 EVENTO CRÍTICO: [object Object]
2025-10-14 09:28:24 [ERROR]: ❌ ERROR: Error Handler [object Object]
2025-10-14 09:28:24 [ERROR]: ❌ ERROR: Error Handler [object Object]
2025-10-14 09:28:24 [ERROR]: ❌ ERROR: Error Handler [object Object]
2025-10-14 09:28:24 [ERROR]: ❌ ERROR: Error Handler [object Object]
2025-10-14 09:28:25 [ERROR]: ❌ ERROR: Error Handler [object Object]
2025-10-14 09:28:25 [ERROR]: 🔴 ALERTA CRÍTICA INMEDIATA: [object Object]
2025-10-14 09:28:25 [ERROR]: 🚨 EVENTO CRÍTICO: [object Object]
2025-10-14 09:28:25 [ERROR]: 🔴 ALERTA CRÍTICA INMEDIATA: [object Object]
2025-10-14 09:28:25 [ERROR]: 🚨 EVENTO CRÍTICO: [object Object]
2025-10-14 09:28:25 [ERROR]: ❌ ERROR: Error Handler [object Object]
2025-10-14 09:28:25 [ERROR]: 🔴 ALERTA CRÍTICA INMEDIATA: [object Object]
2025-10-14 09:28:25 [ERROR]: 🚨 EVENTO CRÍTICO: [object Object]
2025-10-14 09:28:25 [ERROR]: 🔴 ALERTA CRÍTICA INMEDIATA: [object Object]
2025-10-14 09:28:25 [ERROR]: 🚨 EVENTO CRÍTICO: [object Object]
2025-10-14 09:29:29 [ERROR]: ❌ ERROR: Error Handler [object Object]
2025-10-14 09:29:30 [ERROR]: ❌ ERROR: Error Handler [object Object]
2025-10-14 09:29:30 [ERROR]: ❌ ERROR: Error Handler [object Object]
2025-10-14 09:29:30 [ERROR]: ❌ ERROR: Error Handler [object Object]
2025-10-14 09:29:30 [ERROR]: ❌ ERROR: Error Handler [object Object]
2025-10-14 09:29:30 [ERROR]: ❌ ERROR: Error Handler [object Object]
2025-10-14 09:29:30 [ERROR]: ❌ ERROR: Error Handler [object Object]
2025-10-14 09:29:30 [ERROR]: ❌ ERROR: Error Handler [object Object]
2025-10-14 09:29:30 [ERROR]: ❌ ERROR: Error Handler [object Object]
2025-10-14 09:29:31 [ERROR]: ❌ ERROR: Error Handler [object Object]
2025-10-14 09:29:31 [ERROR]: ❌ ERROR: Error Handler [object Object]
2025-10-14 09:29:32 [ERROR]: ❌ ERROR: Error Handler [object Object]
2025-10-14 09:29:33 [ERROR]: ❌ ERROR: Error Handler [object Object]
2025-10-14 09:29:33 [ERROR]: 🔴 ALERTA CRÍTICA INMEDIATA: [object Object]
2025-10-14 09:29:33 [ERROR]: 🚨 EVENTO CRÍTICO: [object Object]
2025-10-14 09:29:34 [ERROR]: 🔴 ALERTA CRÍTICA INMEDIATA: [object Object]
2025-10-14 09:29:34 [ERROR]: 🚨 EVENTO CRÍTICO: [object Object]
2025-10-14 09:32:43 [ERROR]: ❌ ERROR: Error Handler [object Object]
2025-10-14 09:32:44 [ERROR]: ❌ ERROR: Error Handler [object Object]
2025-10-14 09:32:44 [ERROR]: ❌ ERROR: Error Handler [object Object]
2025-10-14 09:32:44 [ERROR]: ❌ ERROR: Error Handler [object Object]
2025-10-14 09:32:44 [ERROR]: ❌ ERROR: Error Handler [object Object]
2025-10-14 09:32:44 [ERROR]: ❌ ERROR: Error Handler [object Object]
2025-10-14 09:32:44 [ERROR]: ❌ ERROR: Error Handler [object Object]
2025-10-14 09:32:44 [ERROR]: ❌ ERROR: Error Handler [object Object]
2025-10-14 09:32:44 [ERROR]: ❌ ERROR: Error Handler [object Object]
2025-10-14 09:32:44 [ERROR]: ❌ ERROR: Error Handler [object Object]
2025-10-14 09:32:45 [ERROR]: ❌ ERROR: Error Handler [object Object]
2025-10-14 09:32:45 [ERROR]: ❌ ERROR: Error Handler [object Object]
2025-10-14 09:32:45 [ERROR]: ❌ ERROR: Error Handler [object Object]
2025-10-14 09:32:49 [ERROR]: 🔴 ALERTA CRÍTICA INMEDIATA: [object Object]
2025-10-14 09:32:49 [ERROR]: 🚨 EVENTO CRÍTICO: [object Object]
2025-10-14 09:32:49 [ERROR]: 🔴 ALERTA CRÍTICA INMEDIATA: [object Object]
2025-10-14 09:32:49 [ERROR]: 🚨 EVENTO CRÍTICO: [object Object]
2025-10-14 09:32:49 [ERROR]: 🔴 ALERTA CRÍTICA INMEDIATA: [object Object]
2025-10-14 09:32:49 [ERROR]: 🚨 EVENTO CRÍTICO: [object Object]
2025-10-14 09:32:49 [ERROR]: 🔴 ALERTA CRÍTICA INMEDIATA: [object Object]
2025-10-14 09:32:49 [ERROR]: 🚨 EVENTO CRÍTICO: [object Object]
2025-10-14 09:33:49 [ERROR]: ❌ ERROR: Error Handler [object Object]
2025-10-14 09:33:50 [ERROR]: ❌ ERROR: Error Handler [object Object]
2025-10-14 09:33:51 [ERROR]: ❌ ERROR: Error Handler [object Object]
2025-10-14 09:33:52 [ERROR]: ❌ ERROR: Error Handler [object Object]
2025-10-14 09:33:53 [ERROR]: 🔴 ALERTA CRÍTICA INMEDIATA: [object Object]
2025-10-14 09:33:53 [ERROR]: 🚨 EVENTO CRÍTICO: [object Object]
2025-10-14 09:33:53 [ERROR]: 🔴 ALERTA CRÍTICA INMEDIATA: [object Object]
2025-10-14 09:33:53 [ERROR]: 🚨 EVENTO CRÍTICO: [object Object]
2025-10-14 09:33:53 [ERROR]: ❌ ERROR: Error Handler [object Object]
2025-10-14 09:33:54 [ERROR]: ❌ ERROR: Error Handler [object Object]
2025-10-14 09:33:54 [ERROR]: 🔴 ALERTA CRÍTICA INMEDIATA: [object Object]
2025-10-14 09:33:54 [ERROR]: 🚨 EVENTO CRÍTICO: [object Object]
2025-10-14 09:33:54 [ERROR]: 🔴 ALERTA CRÍTICA INMEDIATA: [object Object]
2025-10-14 09:33:54 [ERROR]: 🚨 EVENTO CRÍTICO: [object Object]
2025-10-14 09:40:10 [ERROR]: (node:19012) NOTE: The AWS SDK for JavaScript (v2) is in maintenance mode.
 SDK releases are limited to address critical bug fixes and security issues only.

Please migrate your code to use AWS SDK for JavaScript (v3).
For more information, check the blog post at https://a.co/cUPnyil
(Use `node --trace-warnings ...` to show where the warning was created)
2025-10-14 09:40:15 [ERROR]: ❌ Error inicializando servicios: Can't reach database server at `localhost:1433`

Please make sure your database server is running at `localhost:1433`. {"clientVersion":"6.14.0","errorCode":"P1001","name":"PrismaClientInitializationError"}
PrismaClientInitializationError: Can't reach database server at `localhost:1433`

Please make sure your database server is running at `localhost:1433`.
    at r (C:\Users\jesus\OneDrive\Escritorio\UNIONTECH\node_modules\@prisma\client\runtime\library.js:112:2770)
    at async UNIONTECHServer.initializeServices (C:\Users\jesus\OneDrive\Escritorio\UNIONTECH\src\server-complete.js:361:13)
    at async UNIONTECHServer.setupServer (C:\Users\jesus\OneDrive\Escritorio\UNIONTECH\src\server-complete.js:86:13)
    at async UNIONTECHServer.start (C:\Users\jesus\OneDrive\Escritorio\UNIONTECH\src\server-complete.js:416:13)
2025-10-14 09:42:11 [ERROR]: (node:10540) NOTE: The AWS SDK for JavaScript (v2) is in maintenance mode.
 SDK releases are limited to address critical bug fixes and security issues only.

Please migrate your code to use AWS SDK for JavaScript (v3).
For more information, check the blog post at https://a.co/cUPnyil
(Use `node --trace-warnings ...` to show where the warning was created)
2025-10-14 09:42:15 [ERROR]: ❌ Error inicializando servicios: Can't reach database server at `localhost:1433`

Please make sure your database server is running at `localhost:1433`. {"clientVersion":"6.14.0","errorCode":"P1001","name":"PrismaClientInitializationError"}
PrismaClientInitializationError: Can't reach database server at `localhost:1433`

Please make sure your database server is running at `localhost:1433`.
    at r (C:\Users\jesus\OneDrive\Escritorio\UNIONTECH\node_modules\@prisma\client\runtime\library.js:112:2770)
    at async UNIONTECHServer.initializeServices (C:\Users\jesus\OneDrive\Escritorio\UNIONTECH\src\server-complete.js:361:13)
    at async UNIONTECHServer.setupServer (C:\Users\jesus\OneDrive\Escritorio\UNIONTECH\src\server-complete.js:86:13)
    at async UNIONTECHServer.start (C:\Users\jesus\OneDrive\Escritorio\UNIONTECH\src\server-complete.js:416:13)
2025-10-14 09:44:22 [ERROR]: (node:4080) NOTE: The AWS SDK for JavaScript (v2) is in maintenance mode.
 SDK releases are limited to address critical bug fixes and security issues only.

Please migrate your code to use AWS SDK for JavaScript (v3).
For more information, check the blog post at https://a.co/cUPnyil
(Use `node --trace-warnings ...` to show where the warning was created)
2025-10-14 09:44:22 [ERROR]: ❌ Error inicializando servicios: The provided database string is invalid. Error parsing connection string: Conversion error: Invalid instance name in database URL. Please refer to the documentation in https://www.prisma.io/docs/reference/database-reference/connection-urls for constructing a correct connection string. In some cases, certain characters must be escaped. Please check the string for any illegal characters. {"clientVersion":"6.14.0","errorCode":"P1013","name":"PrismaClientInitializationError"}
PrismaClientInitializationError: The provided database string is invalid. Error parsing connection string: Conversion error: Invalid instance name in database URL. Please refer to the documentation in https://www.prisma.io/docs/reference/database-reference/connection-urls for constructing a correct connection string. In some cases, certain characters must be escaped. Please check the string for any illegal characters.
    at r (C:\Users\jesus\OneDrive\Escritorio\UNIONTECH\node_modules\@prisma\client\runtime\library.js:112:2770)
    at async UNIONTECHServer.initializeServices (C:\Users\jesus\OneDrive\Escritorio\UNIONTECH\src\server-complete.js:361:13)
    at async UNIONTECHServer.setupServer (C:\Users\jesus\OneDrive\Escritorio\UNIONTECH\src\server-complete.js:86:13)
    at async UNIONTECHServer.start (C:\Users\jesus\OneDrive\Escritorio\UNIONTECH\src\server-complete.js:416:13)
2025-10-14 09:44:53 [ERROR]: (node:16100) NOTE: The AWS SDK for JavaScript (v2) is in maintenance mode.
 SDK releases are limited to address critical bug fixes and security issues only.

Please migrate your code to use AWS SDK for JavaScript (v3).
For more information, check the blog post at https://a.co/cUPnyil
(Use `node --trace-warnings ...` to show where the warning was created)
2025-10-14 09:44:53 [ERROR]: ❌ Error inicializando servicios: The provided database string is invalid. Error parsing connection string: Conversion error: Invalid instance name in database URL. Please refer to the documentation in https://www.prisma.io/docs/reference/database-reference/connection-urls for constructing a correct connection string. In some cases, certain characters must be escaped. Please check the string for any illegal characters. {"clientVersion":"6.14.0","errorCode":"P1013","name":"PrismaClientInitializationError"}
PrismaClientInitializationError: The provided database string is invalid. Error parsing connection string: Conversion error: Invalid instance name in database URL. Please refer to the documentation in https://www.prisma.io/docs/reference/database-reference/connection-urls for constructing a correct connection string. In some cases, certain characters must be escaped. Please check the string for any illegal characters.
    at r (C:\Users\jesus\OneDrive\Escritorio\UNIONTECH\node_modules\@prisma\client\runtime\library.js:112:2770)
    at async UNIONTECHServer.initializeServices (C:\Users\jesus\OneDrive\Escritorio\UNIONTECH\src\server-complete.js:361:13)
    at async UNIONTECHServer.setupServer (C:\Users\jesus\OneDrive\Escritorio\UNIONTECH\src\server-complete.js:86:13)
    at async UNIONTECHServer.start (C:\Users\jesus\OneDrive\Escritorio\UNIONTECH\src\server-complete.js:416:13)
2025-10-14 09:46:56 [ERROR]: (node:18064) NOTE: The AWS SDK for JavaScript (v2) is in maintenance mode.
 SDK releases are limited to address critical bug fixes and security issues only.

Please migrate your code to use AWS SDK for JavaScript (v3).
For more information, check the blog post at https://a.co/cUPnyil
(Use `node --trace-warnings ...` to show where the warning was created)
2025-10-14 09:46:56 [ERROR]: ❌ Error inicializando servicios: The provided database string is invalid. Error parsing connection string: Conversion error: Invalid instance name in database URL. Please refer to the documentation in https://www.prisma.io/docs/reference/database-reference/connection-urls for constructing a correct connection string. In some cases, certain characters must be escaped. Please check the string for any illegal characters. {"clientVersion":"6.14.0","errorCode":"P1013","name":"PrismaClientInitializationError"}
PrismaClientInitializationError: The provided database string is invalid. Error parsing connection string: Conversion error: Invalid instance name in database URL. Please refer to the documentation in https://www.prisma.io/docs/reference/database-reference/connection-urls for constructing a correct connection string. In some cases, certain characters must be escaped. Please check the string for any illegal characters.
    at r (C:\Users\jesus\OneDrive\Escritorio\UNIONTECH\node_modules\@prisma\client\runtime\library.js:112:2770)
    at async UNIONTECHServer.initializeServices (C:\Users\jesus\OneDrive\Escritorio\UNIONTECH\src\server-complete.js:361:13)
    at async UNIONTECHServer.setupServer (C:\Users\jesus\OneDrive\Escritorio\UNIONTECH\src\server-complete.js:86:13)
    at async UNIONTECHServer.start (C:\Users\jesus\OneDrive\Escritorio\UNIONTECH\src\server-complete.js:416:13)
2025-10-14 09:49:09 [ERROR]: (node:2672) NOTE: The AWS SDK for JavaScript (v2) is in maintenance mode.
 SDK releases are limited to address critical bug fixes and security issues only.

Please migrate your code to use AWS SDK for JavaScript (v3).
For more information, check the blog post at https://a.co/cUPnyil
(Use `node --trace-warnings ...` to show where the warning was created)
2025-10-14 09:49:13 [ERROR]: ❌ Error inicializando servicios: Can't reach database server at `localhost:1433`

Please make sure your database server is running at `localhost:1433`. {"clientVersion":"6.14.0","errorCode":"P1001","name":"PrismaClientInitializationError"}
PrismaClientInitializationError: Can't reach database server at `localhost:1433`

Please make sure your database server is running at `localhost:1433`.
    at r (C:\Users\jesus\OneDrive\Escritorio\UNIONTECH\node_modules\@prisma\client\runtime\library.js:112:2770)
    at async UNIONTECHServer.initializeServices (C:\Users\jesus\OneDrive\Escritorio\UNIONTECH\src\server-complete.js:361:13)
    at async UNIONTECHServer.setupServer (C:\Users\jesus\OneDrive\Escritorio\UNIONTECH\src\server-complete.js:86:13)
    at async UNIONTECHServer.start (C:\Users\jesus\OneDrive\Escritorio\UNIONTECH\src\server-complete.js:416:13)
2025-10-14 09:52:18 [ERROR]: (node:16900) NOTE: The AWS SDK for JavaScript (v2) is in maintenance mode.
 SDK releases are limited to address critical bug fixes and security issues only.

Please migrate your code to use AWS SDK for JavaScript (v3).
For more information, check the blog post at https://a.co/cUPnyil
(Use `node --trace-warnings ...` to show where the warning was created)
2025-10-14 09:52:22 [ERROR]: ❌ ERROR: Error obteniendo estadísticas rápidas: [object Object]
2025-10-14 09:52:27 [ERROR]: ❌ ERROR: Error obteniendo estadísticas rápidas: [object Object]
2025-10-14 09:52:32 [ERROR]: ❌ ERROR: Error obteniendo estadísticas rápidas: [object Object]
2025-10-14 09:52:37 [ERROR]: ❌ ERROR: Error obteniendo estadísticas rápidas: [object Object]
2025-10-14 09:54:07 [ERROR]: (node:19396) NOTE: The AWS SDK for JavaScript (v2) is in maintenance mode.
 SDK releases are limited to address critical bug fixes and security issues only.

Please migrate your code to use AWS SDK for JavaScript (v3).
For more information, check the blog post at https://a.co/cUPnyil
(Use `node --trace-warnings ...` to show where the warning was created)
2025-10-14 09:54:12 [ERROR]: ❌ ERROR: Error obteniendo estadísticas rápidas: [object Object]
2025-10-14 09:54:17 [ERROR]: ❌ ERROR: Error obteniendo estadísticas rápidas: [object Object]
2025-10-14 09:54:22 [ERROR]: ❌ ERROR: Error obteniendo estadísticas rápidas: [object Object]
2025-10-14 09:54:27 [ERROR]: ❌ ERROR: Error obteniendo estadísticas rápidas: [object Object]
2025-10-14 09:54:31 [ERROR]: ❌ Error durante parada elegante: Cannot read properties of null (reading '$disconnect')
TypeError: Cannot read properties of null (reading '$disconnect')
    at UNIONTECHServer.gracefulShutdown (C:\Users\jesus\OneDrive\Escritorio\UNIONTECH\src\server-complete.js:516:31)
    at process.processTicksAndRejections (node:internal/process/task_queues:105:5)
2025-10-14 09:55:44 [ERROR]: (node:6384) NOTE: The AWS SDK for JavaScript (v2) is in maintenance mode.
 SDK releases are limited to address critical bug fixes and security issues only.

Please migrate your code to use AWS SDK for JavaScript (v3).
For more information, check the blog post at https://a.co/cUPnyil
(Use `node --trace-warnings ...` to show where the warning was created)
2025-10-14 09:55:49 [ERROR]: ❌ ERROR: Error obteniendo estadísticas rápidas: [object Object]
2025-10-14 09:55:54 [ERROR]: ❌ ERROR: Error obteniendo estadísticas rápidas: [object Object]
2025-10-14 09:55:59 [ERROR]: ❌ ERROR: Error obteniendo estadísticas rápidas: [object Object]
2025-10-14 09:56:04 [ERROR]: ❌ ERROR: Error obteniendo estadísticas rápidas: [object Object]
2025-10-14 09:56:09 [ERROR]: ❌ ERROR: Error obteniendo estadísticas rápidas: [object Object]
2025-10-14 09:56:14 [ERROR]: ❌ ERROR: Error obteniendo estadísticas rápidas: [object Object]
2025-10-14 09:56:19 [ERROR]: ❌ ERROR: Error obteniendo estadísticas rápidas: [object Object]
2025-10-14 09:56:24 [ERROR]: ❌ ERROR: Error obteniendo estadísticas rápidas: [object Object]
2025-10-14 09:56:29 [ERROR]: ❌ ERROR: Error obteniendo estadísticas rápidas: [object Object]
2025-10-14 09:56:31 [ERROR]: ❌ Error durante parada elegante: Cannot read properties of null (reading '$disconnect')
TypeError: Cannot read properties of null (reading '$disconnect')
    at UNIONTECHServer.gracefulShutdown (C:\Users\jesus\OneDrive\Escritorio\UNIONTECH\src\server-complete.js:516:31)
    at process.processTicksAndRejections (node:internal/process/task_queues:105:5)
2025-10-14 10:38:48 [ERROR]: (node:13552) NOTE: The AWS SDK for JavaScript (v2) is in maintenance mode.
 SDK releases are limited to address critical bug fixes and security issues only.

Please migrate your code to use AWS SDK for JavaScript (v3).
For more information, check the blog post at https://a.co/cUPnyil
(Use `node --trace-warnings ...` to show where the warning was created)
2025-10-14 10:42:38 [ERROR]: (node:19284) NOTE: The AWS SDK for JavaScript (v2) is in maintenance mode.
 SDK releases are limited to address critical bug fixes and security issues only.

Please migrate your code to use AWS SDK for JavaScript (v3).
For more information, check the blog post at https://a.co/cUPnyil
(Use `node --trace-warnings ...` to show where the warning was created)
2025-10-14 10:42:43 [ERROR]: ❌ ERROR: Error obteniendo estadísticas rápidas: [object Object]
2025-10-14 10:42:48 [ERROR]: ❌ ERROR: Error obteniendo estadísticas rápidas: [object Object]
2025-10-14 10:42:53 [ERROR]: ❌ ERROR: Error obteniendo estadísticas rápidas: [object Object]
2026-04-26 18:48:32 [ERROR]: (node:2916) NOTE: The AWS SDK for JavaScript (v2) is in maintenance mode.
 SDK releases are limited to address critical bug fixes and security issues only.

Please migrate your code to use AWS SDK for JavaScript (v3).
For more information, check the blog post at https://a.co/cUPnyil
(Use `node --trace-warnings ...` to show where the warning was created)
2026-04-26 18:50:20 [ERROR]: (node:9788) NOTE: The AWS SDK for JavaScript (v2) is in maintenance mode.
 SDK releases are limited to address critical bug fixes and security issues only.

Please migrate your code to use AWS SDK for JavaScript (v3).
For more information, check the blog post at https://a.co/cUPnyil
(Use `node --trace-warnings ...` to show where the warning was created)
2026-04-26 19:09:36 [ERROR]: (node:21224) NOTE: The AWS SDK for JavaScript (v2) is in maintenance mode.
 SDK releases are limited to address critical bug fixes and security issues only.

Please migrate your code to use AWS SDK for JavaScript (v3).
For more information, check the blog post at https://a.co/cUPnyil
(Use `node --trace-warnings ...` to show where the warning was created)
2026-04-26 19:30:04 [ERROR]: ❌ ERROR: Error enviando notificaciones de expiración: [object Object]
2026-04-26 20:00:04 [ERROR]: ❌ ERROR: ❌ Error en limpieza de invitaciones: [object Object]
2026-04-26 20:00:04 [ERROR]: ❌ ERROR: Error enviando notificaciones de expiración: [object Object]
2026-04-26 20:30:04 [ERROR]: ❌ ERROR: Error enviando notificaciones de expiración: [object Object]
2026-04-26 21:30:04 [ERROR]: ❌ ERROR: Error enviando notificaciones de expiración: [object Object]
